npm warn deprecated @humanwhocodes/object-schema@2.0.3: Use @eslint/object-schema instead
npm warn deprecated @humanwhocodes/config-array@0.13.0: Use @eslint/config-array instead
npm warn deprecated eslint@8.57.1: This version is no longer supported. Please see https://eslint.org/version-support for other options.

added 322 packages, and audited 323 packages in 19s

135 packages are looking for funding
  run `npm fund` for details

6 vulnerabilities (1 low, 5 high)

To address issues that do not require attention, run:
  npm audit fix

To address all issues, run:
  npm audit fix --force

Run `npm audit` for details.

changed 4 packages, and audited 323 packages in 7s

135 packages are looking for funding
  run `npm fund` for details

# npm audit report

brace-expansion  <=5.0.7
Severity: high
brace-expansion: DoS via unbounded expansion length causing an out-of-memory process crash - https://github.com/advisories/GHSA-mh99-v99m-4gvg
fix available via `npm audit fix --force`
Will install eslint@10.8.0, which is a breaking change
node_modules/brace-expansion
  minimatch  2.0.0 - 10.0.2
  Depends on vulnerable versions of brace-expansion
  node_modules/minimatch
    @eslint/eslintrc  0.0.1 || >=0.1.1
    Depends on vulnerable versions of minimatch
    node_modules/@eslint/eslintrc
      eslint  0.12.0 - 2.0.0-rc.1 || 4.1.0 - 10.0.0-rc.2
      Depends on vulnerable versions of @eslint/eslintrc
      Depends on vulnerable versions of @humanwhocodes/config-array
      Depends on vulnerable versions of file-entry-cache
      Depends on vulnerable versions of minimatch
      node_modules/eslint
        eslint-config-next  >=10.2.1-canary.2
        Depends on vulnerable versions of eslint
        Depends on vulnerable versions of eslint-plugin-import
        Depends on vulnerable versions of eslint-plugin-jsx-a11y
        Depends on vulnerable versions of eslint-plugin-react
        node_modules/eslint-config-next
    @humanwhocodes/config-array  *
    Depends on vulnerable versions of minimatch
    node_modules/@humanwhocodes/config-array
    eslint-plugin-import  >=1.15.0
    Depends on vulnerable versions of minimatch
    node_modules/eslint-plugin-import
    eslint-plugin-jsx-a11y  >=6.5.0
    Depends on vulnerable versions of minimatch
    node_modules/eslint-plugin-jsx-a11y
    eslint-plugin-react  >=7.23.0
    Depends on vulnerable versions of minimatch
    node_modules/eslint-plugin-react
    glob  4.3.0 - 10.5.0
    Depends on vulnerable versions of minimatch
    node_modules/glob
      rimraf  2.3.0 - 3.0.2 || 4.2.0 - 5.0.10
      Depends on vulnerable versions of glob
      node_modules/rimraf
        flat-cache  1.3.4 - 4.0.0
        Depends on vulnerable versions of rimraf
        node_modules/flat-cache
          file-entry-cache  4.0.0 - 7.0.2
          Depends on vulnerable versions of flat-cache
          node_modules/file-entry-cache

next  9.3.4-canary.0 - 16.3.0-preview.7
Severity: high
Next.js: Denial of Service in App Router using Server Actions - https://github.com/advisories/GHSA-m99w-x7hq-7vfj
Next.js: Server-Side Request Forgery in Server Actions on custom servers - https://github.com/advisories/GHSA-89xv-2m56-2m9x
Next.js: Cache confusion of response bodies for requests with bodies - https://github.com/advisories/GHSA-68g3-v927-f742
Next.js: Cache confusion of response bodies for requests with bodies containing invalid UTF-8 byte sequences - https://github.com/advisories/GHSA-4633-3j49-mh5q
Next.js: Unbounded Server Action payload in Edge runtime - https://github.com/advisories/GHSA-4c39-4ccg-62r3
Next.js: Server-Side Request Forgery in rewrites via attacker-controlled destination hostname - https://github.com/advisories/GHSA-p9j2-gv94-2wf4
Next.js: Denial of Service in the Image Optimization API using SVGs - https://github.com/advisories/GHSA-q8wf-6r8g-63ch
Next.js: Unauthenticated disclosure of internal Server Function endpoints - https://github.com/advisories/GHSA-955p-x3mx-jcvp
Depends on vulnerable versions of postcss
Depends on vulnerable versions of sharp
fix available via `npm audit fix --force`
Will install next@15.5.22, which is outside the stated dependency range
node_modules/next

postcss  <=8.5.17
Severity: high
PostCSS has XSS via Unescaped </style> in its CSS Stringify Output - https://github.com/advisories/GHSA-qx2v-qp2m-jg93
PostCSS: Arbitrary file read and information disclosure via attacker-controlled sourceMappingURL in CSS comments - https://github.com/advisories/GHSA-6g55-p6wh-862q
PostCSS: Path Traversal in Previous Source Map Auto-Loading (sourceMappingURL) leads to Arbitrary .map File Disclosure - https://github.com/advisories/GHSA-r28c-9q8g-f849
fix available via `npm audit fix --force`
Will install next@15.5.22, which is outside the stated dependency range
node_modules/postcss

sharp  <0.35.0
Severity: high
sharp inherited vulnerabilities in libvips: CVE-2026-33327, CVE-2026-33328, CVE-2026-35590, CVE-2026-35591 - https://github.com/advisories/GHSA-f88m-g3jw-g9cj
fix available via `npm audit fix --force`
Will install next@15.5.22, which is outside the stated dependency range
node_modules/sharp

16 high severity vulnerabilities

To address issues that do not require attention, run:
  npm audit fix

To address all issues (including breaking changes), run:
  npm audit fix --force
